// Jest Snapshot v1, https://goo.gl/fbAQLP

exports[`HTML snapshot baseline qrPage - Contains key QR related elements: qrPage title 1`] = `"<title>Scan to Login — ClaimFlow Admin</title>"`;

exports[`HTML snapshot baseline receiptsPage - contains key elements (badge, table) when there is data: receiptsPage badge classes 1`] = `
[
  "class="badge badge-pending_review"",
  "class="badge badge-pending_review"",
]
`;

exports[`HTML snapshot baseline receiptsPage - empty list contains empty hint (no table): receiptsPage title 1`] = `"<title>Receipt Audit — ClaimFlow Admin</title>"`;

exports[`HTML snapshot baseline usersPage - contains key elements of user management: usersPage title 1`] = `"<title>User Management — ClaimFlow Admin</title>"`;
